<!-- index.css -->
<link rel="stylesheet" href="include_style_local_files/index.css">

<p class="example">example in red</p>