<img src="include_image_local_files/img/magic.gif">