<!-- https://test.com/script.js -->
<script src="https://test.com/script.js"></script>