<!-- js/index.js -->
<script src="include_script_local_files/js/index.js"></script>

<p class="example">example in red</p>